Microchip MPLAB XC8 Compiler V1.41 ()

Linker command line:

-W-3 --edf=D:\Program Files\Microchip\xc8\v1.41\dat\en_msgs.txt -cs \
  -h+dist/Program_Bootloader_Application/production\Fluval_RGBW_II.X.production.sym \
  --cmf=dist/Program_Bootloader_Application/production\Fluval_RGBW_II.X.production.cmf \
  -z -Q16F18345 -oC:\Users\liruya\AppData\Local\Temp\s1b0.2 \
  -Mdist/Program_Bootloader_Application/production/Fluval_RGBW_II.X.production.map \
  -E1 -ver=XC8 -ASTACK=02210h-023efh -pstack=STACK \
  -ACODE=0400h-07FFh,0800h-0FFFhx2,01800h-01FDFh -ASTRCODE=0400h-01FDFh \
  -ASTRING=0400h-04FFhx27,01F00h-01FDFh \
  -ACONST=0400h-04FFhx27,01F00h-01FDFh -AENTRY=0400h-04FFhx27,01F00h-01FDFh \
  -ACOMMON=070h-07Fh -ABANK0=020h-06Fh -ABANK1=0A0h-0EFh \
  -ABANK2=0120h-016Fh -ABANK3=01A0h-01EFh -ABANK4=0220h-026Fh \
  -ABANK5=02A0h-02EFh -ABANK6=0320h-036Fh -ABANK7=03A0h-03EFh \
  -ABANK8=0420h-046Fh -ABANK9=04A0h-04EFh -ABANK10=0520h-056Fh \
  -ABANK11=05A0h-05EFh -ABANK12=0620h-064Fh -ABIGRAM=02000h-023EFh \
  -ARAM=020h-06Fh,0A0h-0EFh,0120h-016Fh,01A0h-01EFh,0220h-026Fh,02A0h-02EFh,0320h-036Fh,03A0h-03EFh,0420h-046Fh,04A0h-04EFh,0520h-056Fh,05A0h-05EFh,0620h-064Fh \
  -AABS1=020h-07Fh,0A0h-0EFh,0120h-016Fh,01A0h-01EFh,0220h-026Fh,02A0h-02EFh,0320h-036Fh,03A0h-03EFh,0420h-046Fh,04A0h-04EFh,0520h-056Fh,05A0h-05EFh,0620h-064Fh \
  -ASFR0=00h-01Fh -ASFR1=080h-09Fh -ASFR2=0100h-011Fh -ASFR3=0180h-019Fh \
  -ASFR4=0200h-021Fh -ASFR5=0280h-029Fh -ASFR6=0300h-031Fh \
  -ASFR7=0380h-039Fh -ASFR8=0400h-041Fh -ASFR9=0480h-049Fh \
  -ASFR10=0500h-051Fh -ASFR11=0580h-059Fh -ASFR12=0600h-061Fh \
  -ASFR13=0680h-06EFh -ASFR14=0700h-076Fh -ASFR15=0780h-07EFh \
  -ASFR16=0800h-086Fh -ASFR17=0880h-08EFh -ASFR18=0900h-096Fh \
  -ASFR19=0980h-09EFh -ASFR20=0A00h-0A6Fh -ASFR21=0A80h-0AEFh \
  -ASFR22=0B00h-0B6Fh -ASFR23=0B80h-0BEFh -ASFR24=0C00h-0C6Fh \
  -ASFR25=0C80h-0CEFh -ASFR26=0D00h-0D6Fh -ASFR27=0D80h-0DEFh \
  -ASFR28=0E00h-0E6Fh -ASFR29=0E80h-0EEFh -ASFR30=0F00h-0F6Fh \
  -ASFR31=0F80h-0FEFh -preset_vec=0400h,intentry=0404h,init,end_init \
  -ppowerup=CODE -pcinit=CODE -pfunctab=CODE -ACONFIG=08007h-0800Ah \
  -pconfig=CONFIG -DCONFIG=2 -AIDLOC=08000h-08003h -pidloc=IDLOC -DIDLOC=2 \
  -AEEDATA=00h-0FFh/0F000h -peeprom_data=EEDATA -DEEDATA=2 -DCODE=2 \
  -DSTRCODE=2 -DSTRING=2 -DCONST=2 -DENTRY=2 -k \
  C:\Users\liruya\AppData\Local\Temp\s1b0.obj \
  dist/Program_Bootloader_Application/production\Fluval_RGBW_II.X.production.obj 

Object code version is 3.11

Machine type is 16F18345



                Name                               Link     Load   Length Selector   Space Scale
C:\Users\liruya\AppData\Local\Temp\s1b0.obj
                end_init                            441      441        2      808       0
                reset_vec                           400      400        3      800       0
dist/Program_Bootloader_Application/production\Fluval_RGBW_II.X.production.obj
                cinit                               C0D      C0D      3F3     181A       0
                intentry                            404      404       3D      808       0
                text75                             1C94     1C94       17     3928       0
                swtext7                            187B     187B        A     309E       0
                swtext6                            1865     1865       16     309E       0
                swtext5                            1000     1000       96     2000       0
                swtext4                             7DC      7DC       22      FB8       0
                text69                             10AF     10AF      1D5     215E       0
                swtext3                            184F     184F       16     309E       0
                text60                              443      443      399      808       0
                text56                             1D08     1D08       87     3A10       0
                text55                             1284     1284      1EA     2508       0
                text48                             1E42     1E42      19E     3C84       0
                swtext2                            1096     1096       18     2000       0
                swtext1                             800      800       20     1000       0
                text25                             1D8F     1D8F       B3     3B1E       0
                text19                             146E     146E      392     28DC       0
                text8                               83D      83D      3D0     107A       0
                text1                              1CAB     1CAB       5D     3956       0
                cstackBANK0                          20       20       20       20       1
                cstackCOMMON                         70       70        E       70       1
                cstackBANK1                          A0       A0       41       A0       1
                cstackBANK2                         120      120       32      120       1
                clrtext                            1C81     1C81        6     3902       0
                inittext                           1C87     1C87        6     390E       0
                bssBANK6                            320      320       30      320       1
                bssBANK5                            2A0      2A0       30      2A0       1
                bssBANK4                            220      220       31      220       1
                bssBANK3                            1A0      1A0       22      1A0       1
                dataBANK2                           152      152       1D      120       1
                dataBANK1                            E1       E1        7       A0       1
                bssBANK1                             E8       E8        1       A0       1
                bssBANK0                             40       40       1E       20       1
                stringtext                         1800     1800       4F     3000       0
                idataBANK2                          820      820       1D     1040       0
                idataBANK1                         1C8D     1C8D        7     391A       0

TOTAL           Name                               Link     Load   Length     Space
        CLASS   STACK          

        CLASS   CODE           
                end_init                            441      441        2         0
                cinit                               C0D      C0D      3F3         0
                intentry                            404      404       3D         0
                reset_vec                           400      400        3         0
                text75                             1C94     1C94       17         0
                text69                             10AF     10AF      1D5         0
                text60                              443      443      399         0
                text56                             1D08     1D08       87         0
                text55                             1284     1284      1EA         0
                text48                             1E42     1E42      19E         0
                text25                             1D8F     1D8F       B3         0
                text19                             146E     146E      392         0
                text8                               83D      83D      3D0         0
                text1                              1CAB     1CAB       5D         0
                clrtext                            1C81     1C81        6         0
                inittext                           1C87     1C87        6         0
                idataBANK2                          820      820       1D         0
                idataBANK1                         1C8D     1C8D        7         0

        CLASS   STRCODE        
                stringtext                         1800     1800       4F         0

        CLASS   STRING         

        CLASS   CONST          
                swtext7                            187B     187B        A         0
                swtext6                            1865     1865       16         0
                swtext5                            1000     1000       96         0
                swtext4                             7DC      7DC       22         0
                swtext3                            184F     184F       16         0
                swtext2                            1096     1096       18         0
                swtext1                             800      800       20         0

        CLASS   ENTRY          

        CLASS   COMMON         
                cstackCOMMON                         70       70        E         1

        CLASS   BANK0          
                cstackBANK0                          20       20       20         1
                bssBANK0                             40       40       1E         1

        CLASS   BANK1          
                cstackBANK1                          A0       A0       41         1
                dataBANK1                            E1       E1        7         1
                bssBANK1                             E8       E8        1         1

        CLASS   BANK2          
                cstackBANK2                         120      120       32         1
                dataBANK2                           152      152       1D         1

        CLASS   BANK3          
                bssBANK3                            1A0      1A0       22         1

        CLASS   BANK4          
                bssBANK4                            220      220       31         1

        CLASS   BANK5          
                bssBANK5                            2A0      2A0       30         1

        CLASS   BANK6          
                bssBANK6                            320      320       30         1

        CLASS   BANK7          

        CLASS   BANK8          

        CLASS   BANK9          

        CLASS   BANK10         

        CLASS   BANK11         

        CLASS   BANK12         

        CLASS   BIGRAM         

        CLASS   RAM            

        CLASS   ABS1           
                abs_s1                               7E       7E        2         1

        CLASS   SFR0           

        CLASS   SFR1           

        CLASS   SFR2           

        CLASS   SFR3           

        CLASS   SFR4           

        CLASS   SFR5           

        CLASS   SFR6           

        CLASS   SFR7           

        CLASS   SFR8           

        CLASS   SFR9           

        CLASS   SFR10          

        CLASS   SFR11          

        CLASS   SFR12          

        CLASS   SFR13          

        CLASS   SFR14          

        CLASS   SFR15          

        CLASS   SFR16          

        CLASS   SFR17          

        CLASS   SFR18          

        CLASS   SFR19          

        CLASS   SFR20          

        CLASS   SFR21          

        CLASS   SFR22          

        CLASS   SFR23          

        CLASS   SFR24          

        CLASS   SFR25          

        CLASS   SFR26          

        CLASS   SFR27          

        CLASS   SFR28          

        CLASS   SFR29          

        CLASS   SFR30          

        CLASS   SFR31          

        CLASS   CONFIG         

        CLASS   IDLOC          

        CLASS   EEDATA         

        CLASS   BANK31         

        CLASS   BANK30         

        CLASS   BANK29         

        CLASS   BANK28         

        CLASS   BANK27         

        CLASS   BANK26         

        CLASS   BANK25         

        CLASS   BANK24         

        CLASS   BANK23         

        CLASS   BANK22         

        CLASS   BANK21         

        CLASS   BANK20         

        CLASS   BANK19         

        CLASS   BANK18         

        CLASS   BANK17         

        CLASS   BANK16         

        CLASS   BANK15         

        CLASS   BANK14         

        CLASS   BANK13         



SEGMENTS        Name                           Load    Length   Top    Selector   Space  Class     Delta

                cstackBANK0                    000020  00003E  00005E        20       1  BANK0       1
                cstackCOMMON                   000070  00000E  00007E        70       1  COMMON      1
                cstackBANK1                    0000A0  000049  0000E9        A0       1  BANK1       1
                cstackBANK2                    000120  00004F  00016F       120       1  BANK2       1
                bssBANK3                       0001A0  000022  0001C2       1A0       1  BANK3       1
                bssBANK4                       000220  000031  000251       220       1  BANK4       1
                bssBANK5                       0002A0  000030  0002D0       2A0       1  BANK5       1
                bssBANK6                       000320  000030  000350       320       1  BANK6       1
                reset_vec                      000400  000003  000403       800       0  CODE        2
                intentry                       000404  0003D8  0007DC       808       0  CODE        2
                swtext4                        0007DC  000022  0007FE       FB8       0  CONST       2
                swtext1                        000800  000020  000820      1000       0  CONST       2
                idataBANK2                     000820  00001D  00083D      1040       0  CODE        2
                text8                          00083D  0003D0  000C0D      107A       0  CODE        2
                cinit                          000C0D  0003F3  001000      181A       0  CODE        2
                swtext5                        001000  0000AE  0010AE      2000       0  CONST       2
                text69                         0010AF  0001D5  001284      215E       0  CODE        2
                text55                         001284  0001EA  00146E      2508       0  CODE        2
                text19                         00146E  000392  001800      28DC       0  CODE        2
                stringtext                     001800  00004F  00184F      3000       0  STRCODE     2
                swtext3                        00184F  000036  001885      309E       0  CONST       2
                clrtext                        001C81  000006  001C87      3902       0  CODE        2
                inittext                       001C87  000006  001C8D      390E       0  CODE        2
                idataBANK1                     001C8D  000007  001C94      391A       0  CODE        2
                text75                         001C94  000017  001CAB      3928       0  CODE        2
                text1                          001CAB  00005D  001D08      3956       0  CODE        2
                text56                         001D08  000087  001D8F      3A10       0  CODE        2
                text25                         001D8F  0000B3  001E42      3B1E       0  CODE        2
                text48                         001E42  00019E  001FE0      3C84       0  CODE        2


UNUSED ADDRESS RANGES

        Name                Unused          Largest block    Delta
        BANK0            005E-006F             12           1
        BANK1            00E9-00EF              7           1
        BANK10           0520-056F             50           1
        BANK11           05A0-05EF             50           1
        BANK12           0620-064F             30           1
        BANK2            016F-016F              1           1
        BANK3            01C2-01EF             2E           1
        BANK4            0251-026F             1F           1
        BANK5            02D0-02EF             20           1
        BANK6            0350-036F             20           1
        BANK7            03A0-03EF             50           1
        BANK8            0420-046F             50           1
        BANK9            04A0-04EF             50           1
        BIGRAM           2000-23EF            3F0           1
        CODE             0403-0403              1           2
                         07FE-07FF              2
                         10AE-10AE              1
                         1885-1C80            3FC
        CONFIG           8007-800A              4           2
        CONST            0403-0403              1           2
                         07FE-07FF              2
                         10AE-10AE              1
                         1885-1C80            100
        EEDATA           F000-F0FF            100           2
        ENTRY            0403-0403              1           2
                         07FE-07FF              2
                         10AE-10AE              1
                         1885-1C80            100
        IDLOC            8000-8003              4           2
        RAM              005E-006F             12           1
                         00E9-00EF              7
                         016F-016F              1
                         01C2-01EF             2E
                         0251-026F             1F
                         02D0-02EF             20
                         0350-036F             20
                         03A0-03EF             50
                         0420-046F             50
                         04A0-04EF             50
                         0520-056F             50
                         05A0-05EF             50
                         0620-064F             30
        SFR0             0000-001F             20           1
        SFR1             0080-009F             20           1
        SFR10            0500-051F             20           1
        SFR11            0580-059F             20           1
        SFR12            0600-061F             20           1
        SFR13            0680-06EF             70           1
        SFR14            0700-076F             70           1
        SFR15            0780-07EF             70           1
        SFR16            0800-086F             70           1
        SFR17            0880-08EF             70           1
        SFR18            0900-096F             70           1
        SFR19            0980-09EF             70           1
        SFR2             0100-011F             20           1
        SFR20            0A00-0A6F             70           1
        SFR21            0A80-0AEF             70           1
        SFR22            0B00-0B6F             70           1
        SFR23            0B80-0BEF             70           1
        SFR24            0C00-0C6F             70           1
        SFR25            0C80-0CEF             70           1
        SFR26            0D00-0D6F             70           1
        SFR27            0D80-0DEF             70           1
        SFR28            0E00-0E6F             70           1
        SFR29            0E80-0EEF             70           1
        SFR3             0180-019F             20           1
        SFR30            0F00-0F6F             70           1
        SFR31            0F80-0FEF             70           1
        SFR4             0200-021F             20           1
        SFR5             0280-029F             20           1
        SFR6             0300-031F             20           1
        SFR7             0380-039F             20           1
        SFR8             0400-041F             20           1
        SFR9             0480-049F             20           1
        STACK            2210-23EF            1E0           1
        STRCODE          0403-0403              1           2
                         07FE-07FF              2
                         10AE-10AE              1
                         1885-1C80            3FC
        STRING           0403-0403              1           2
                         07FE-07FF              2
                         10AE-10AE              1
                         1885-1C80            100

                                  Symbol Table

?___ftmul                            cstackBANK1  00AB
?___ftpack                           cstackBANK1  00A0
?___fttol                            cstackBANK0  002C
?___lldiv                            cstackBANK1  00AC
?___lmul                             cstackBANK1  00A0
?___lwdiv                            cstackBANK1  00A0
?___lwmod                            cstackCOMMON 0070
?___lwtoft                           cstackBANK1  00A8
?___wmul                             cstackBANK1  00A0
?_readLedPara                        cstackBANK1  00A9
?i1___ftmul                          cstackBANK0  0020
?i1___ftpack                         cstackCOMMON 0070
?i1___lwtoft                         cstackCOMMON 0078
BLE_SendCMD@F7932                    dataBANK1    00E1
BLE_SendCMD@ack                      cstackBANK1  00A4
BLE_SendCMD@cnt                      cstackBANK1  00AB
BLE_SendCMD@index                    cstackBANK1  00AE
BLE_SendCMD@pBuf                     cstackBANK1  00A1
BLE_SendCMD@rev                      cstackBANK1  00AD
DATAEE_ReadByte@bAdd                 cstackBANK1  00A0
DATAEE_WriteByte@GIEBitValue         cstackBANK1  00A3
DATAEE_WriteByte@bAdd                cstackBANK1  00A0
DATAEE_WriteByte@bData               cstackBANK1  00A2
DecodeDATA@i                         cstackBANK1  00CF
DecodeDATA@i_701                     cstackBANK1  00CB
DecodeDATA@i_703                     cstackBANK1  00CA
DecodeDATA@i_707                     cstackBANK1  00CC
DecodeDATA@idx                       cstackBANK1  00C3
DecodeDATA@idx_704                   cstackBANK1  00CD
DecodeDATA@idx_705                   cstackBANK1  00CE
DecodeDATA@len_702                   cstackBANK1  00C4
DecodeDATA@len_706                   cstackBANK1  00C5
DecodeDATA@val                       cstackBANK1  00C8
DecodeDATA@val_708                   cstackBANK1  00C6
INTERRUPT_interruptManager@cnt       bssBANK0     0048
PIN_MANAGER_Initialize@state         cstackBANK1  00A0
PL10                                 text19       16C4
PL100                                text19       172A
PL102                                text19       1733
PL104                                text19       17F0
PL106                                text60       0794
PL108                                text19       17F8
PL110                                text55       1446
PL112                                text19       173C
PL114                                text60       079D
PL116                                text69       123D
PL118                                text60       07A4
PL12                                 text60       06F2
PL120                                text69       1245
PL122                                cinit        0FAB
PL124                                text48       1FD4
PL126                                cinit        0FB1
PL128                                text8        0937
PL130                                text69       124B
PL132                                text60       07AC
PL134                                cinit        0FB7
PL136                                text8        0BF0
PL138                                text60       07B3
PL14                                 text69       121A
PL140                                text55       144F
PL142                                text19       1744
PL144                                text60       07BA
PL146                                text55       12E9
PL148                                text60       07C1
PL150                                text69       1252
PL152                                text8        0BF7
PL154                                cinit        0FBE
PL156                                text25       1E3C
PL158                                text60       07C7
PL16                                 text60       06F8
PL160                                text55       1456
PL162                                text60       07CD
PL164                                text48       1FDA
PL166                                text60       07D3
PL168                                text55       145B
PL170                                text55       1460
PL172                                text55       1465
PL174                                text8        0BFD
PL176                                text8        0C03
PL178                                cinit        0FC4
PL18                                 text19       16EA
PL180                                text8        0C09
PL182                                text56       1D8A
PL184                                text55       146A
PL186                                text60       07D7
PL2                                  text69       11F8
PL20                                 text69       122C
PL22                                 text8        0BB3
PL24                                 text69       1231
PL26                                 text19       16F0
PL28                                 text60       0714
PL30                                 text60       071B
PL32                                 text19       16FE
PL34                                 text55       12CB
PL36                                 text8        0BBA
PL38                                 cinit        0F8F
PL4                                  text69       120C
PL40                                 text60       0728
PL42                                 cinit        0F95
PL44                                 text60       072F
PL46                                 text19       1705
PL48                                 text55       12DD
PL50                                 text8        0BC3
PL52                                 text60       0740
PL54                                 text19       1715
PL56                                 text60       0748
PL58                                 text8        0BC8
PL6                                  text19       16B6
PL60                                 text60       0751
PL62                                 text69       1272
PL64                                 text8        0BD5
PL66                                 text8        092B
PL68                                 text19       171E
PL70                                 text69       127E
PL72                                 text8        0BDB
PL74                                 cinit        0FA0
PL76                                 text60       0756
PL78                                 text60       0761
PL8                                  text69       1213
PL80                                 text60       076C
PL82                                 text60       0776
PL84                                 text60       0780
PL86                                 text60       078A
PL88                                 text55       143C
PL90                                 text8        0BE2
PL92                                 text8        0BE9
PL94                                 text69       1236
PL96                                 text19       17E0
PL98                                 text19       17E8
PWM1_LoadDutyValue@dutyValue         cstackBANK1  00A0
PWM2_LoadDutyValue@dutyValue         cstackBANK1  00A0
PWM3_LoadDutyValue@dutyValue         cstackBANK1  00A0
PWM4_LoadDutyValue@dutyValue         cstackBANK1  00A0
_ANSELA                              (abs)        018C
_ANSELB                              (abs)        018D
_ANSELC                              (abs)        018E
_BAUD1CON                            (abs)        019F
_BLE_SendCMD                         text48       1F3D
_CCP1CON                             (abs)        0293
_CCP1CONbits                         (abs)        0293
_CCP2CON                             (abs)        0297
_CCP2CONbits                         (abs)        0297
_CCP3CON                             (abs)        0313
_CCP3CONbits                         (abs)        0313
_CCP4CON                             (abs)        0317
_CCP4CONbits                         (abs)        0317
_CCPR1H                              (abs)        0292
_CCPR1L                              (abs)        0291
_CCPR2H                              (abs)        0296
_CCPR2L                              (abs)        0295
_CCPR3H                              (abs)        0312
_CCPR3L                              (abs)        0311
_CCPR4H                              (abs)        0316
_CCPR4L                              (abs)        0315
_CCPTMRSbits                         (abs)        029F
_DATAEE_ReadByte                     text8        091D
_DATAEE_WriteByte                    text1        1CE7
_DecodeDATA                          cinit        0CA3
_EUSART_Initialize                   text25       1E21
_EUSART_RCV_ISR                      text75       1C94
_GIE                                 (abs)        005F
_INTCONbits                          (abs)        000B
_INTERRUPT_interruptManager          intentry     0404
_LATA                                (abs)        010C
_LATB                                (abs)        010D
_LATB5                               (abs)        086D
_LATC                                (abs)        010E
_LATC1                               (abs)        0871
_MONTH_DAY                           dataBANK2    0163
_NVMADR                              (abs)        0891
_NVMADRH                             (abs)        0892
_NVMADRL                             (abs)        0891
_NVMCON1                             (abs)        0895
_NVMCON1bits                         (abs)        0895
_NVMCON2                             (abs)        0896
_NVMDATL                             (abs)        0893
_ODCONA                              (abs)        028C
_ODCONB                              (abs)        028D
_ODCONC                              (abs)        028E
_OSCCON1                             (abs)        0919
_OSCCON3                             (abs)        091B
_OSCEN                               (abs)        091D
_OSCFRQ                              (abs)        091F
_OSCILLATOR_Initialize               text25       1DA0
_OSCTUNE                             (abs)        091E
_PIE0bits                            (abs)        0090
_PIE1bits                            (abs)        0091
_PIN_MANAGER_Initialize              text25       1DAA
_PIR0bits                            (abs)        0010
_PIR1bits                            (abs)        0011
_PPSLOCK                             (abs)        0E0F
_PPSLOCKbits                         (abs)        0E0F
_PR2                                 (abs)        001E
_PWM1_Initialize                     text25       1DEE
_PWM1_LoadDutyValue                  text19       17A0
_PWM2_Initialize                     text25       1DF8
_PWM2_LoadDutyValue                  text19       17B0
_PWM3_Initialize                     text25       1E01
_PWM3_LoadDutyValue                  text19       17C0
_PWM4_Initialize                     text25       1E0C
_PWM4_LoadDutyValue                  text19       17D0
_RA2                                 (abs)        0062
_RB4PPSbits                          (abs)        0E9C
_RC1STA                              (abs)        019D
_RC1STAbits                          (abs)        019D
_RC3PPSbits                          (abs)        0EA3
_RC4PPSbits                          (abs)        0EA4
_RC5PPSbits                          (abs)        0EA5
_RC6PPSbits                          (abs)        0EA6
_RCREG                               (abs)        0199
_RXPPSbits                           (abs)        0E24
_SP1BRGH                             (abs)        019C
_SP1BRGL                             (abs)        019B
_SYSTEM_Initialize                   text25       1D8F
_T0CON0                              (abs)        0017
_T0CON0bits                          (abs)        0017
_T0CON1                              (abs)        0018
_T2CON                               (abs)        001F
_T2CONbits                           (abs)        001F
_TMR0H                               (abs)        0016
_TMR0L                               (abs)        0015
_TMR0_Initialize                     text25       1E31
_TMR0_StartTimer                     cinit        0F79
_TMR2                                (abs)        001D
_TMR2_Initialize                     text25       1E17
_TMR2_StartTimer                     cinit        0F7B
_TRISA                               (abs)        008C
_TRISB                               (abs)        008D
_TRISC                               (abs)        008E
_TRMT                                (abs)        0CF1
_TX1STA                              (abs)        019E
_TXIF                                (abs)        008C
_TXREG                               (abs)        019A
_WPUA                                (abs)        020C
_WPUB                                (abs)        020D
_WPUC                                (abs)        020E
__Habs1                              abs1         0000
__Hbank0                             bank0        0000
__Hbank1                             bank1        0000
__Hbank10                            bank10       0000
__Hbank11                            bank11       0000
__Hbank12                            bank12       0000
__Hbank13                            bank13       0000
__Hbank14                            bank14       0000
__Hbank15                            bank15       0000
__Hbank16                            bank16       0000
__Hbank17                            bank17       0000
__Hbank18                            bank18       0000
__Hbank19                            bank19       0000
__Hbank2                             bank2        0000
__Hbank20                            bank20       0000
__Hbank21                            bank21       0000
__Hbank22                            bank22       0000
__Hbank23                            bank23       0000
__Hbank24                            bank24       0000
__Hbank25                            bank25       0000
__Hbank26                            bank26       0000
__Hbank27                            bank27       0000
__Hbank28                            bank28       0000
__Hbank29                            bank29       0000
__Hbank3                             bank3        0000
__Hbank30                            bank30       0000
__Hbank31                            bank31       0000
__Hbank4                             bank4        0000
__Hbank5                             bank5        0000
__Hbank6                             bank6        0000
__Hbank7                             bank7        0000
__Hbank8                             bank8        0000
__Hbank9                             bank9        0000
__Hbigram                            bigram       0000
__HbssBANK0                          bssBANK0     0000
__HbssBANK1                          bssBANK1     0000
__HbssBANK3                          bssBANK3     0000
__HbssBANK4                          bssBANK4     0000
__HbssBANK5                          bssBANK5     0000
__HbssBANK6                          bssBANK6     0000
__Hcinit                             cinit        1000
__Hclrtext                           clrtext      0000
__Hcode                              code         0000
__Hcommon                            common       0000
__Hconfig                            config       0000
__HcstackBANK0                       cstackBANK0  0000
__HcstackBANK1                       cstackBANK1  0000
__HcstackBANK2                       cstackBANK2  0000
__HcstackCOMMON                      cstackCOMMON 0000
__HdataBANK1                         dataBANK1    0000
__HdataBANK2                         dataBANK2    0000
__Heeprom_data                       eeprom_data  0000
__Hend_init                          end_init     0443
__Hfunctab                           functab      0000
__HidataBANK1                        idataBANK1   0000
__HidataBANK2                        idataBANK2   0000
__Hidloc                             idloc        0000
__Hinit                              init         0441
__Hinittext                          inittext     0000
__Hintentry                          intentry     0441
__Hmaintext                          maintext     0000
__Hpa_nodes0                         pa_nodes0    0000
__Hpowerup                           powerup      0000
__Hram                               ram          0000
__Hreset_vec                         reset_vec    0403
__Hsfr0                              sfr0         0000
__Hsfr1                              sfr1         0000
__Hsfr10                             sfr10        0000
__Hsfr11                             sfr11        0000
__Hsfr12                             sfr12        0000
__Hsfr13                             sfr13        0000
__Hsfr14                             sfr14        0000
__Hsfr15                             sfr15        0000
__Hsfr16                             sfr16        0000
__Hsfr17                             sfr17        0000
__Hsfr18                             sfr18        0000
__Hsfr19                             sfr19        0000
__Hsfr2                              sfr2         0000
__Hsfr20                             sfr20        0000
__Hsfr21                             sfr21        0000
__Hsfr22                             sfr22        0000
__Hsfr23                             sfr23        0000
__Hsfr24                             sfr24        0000
__Hsfr25                             sfr25        0000
__Hsfr26                             sfr26        0000
__Hsfr27                             sfr27        0000
__Hsfr28                             sfr28        0000
__Hsfr29                             sfr29        0000
__Hsfr3                              sfr3         0000
__Hsfr30                             sfr30        0000
__Hsfr31                             sfr31        0000
__Hsfr4                              sfr4         0000
__Hsfr5                              sfr5         0000
__Hsfr6                              sfr6         0000
__Hsfr7                              sfr7         0000
__Hsfr8                              sfr8         0000
__Hsfr9                              sfr9         0000
__Hspace_0                           (abs)        1FE0
__Hspace_1                           (abs)        0350
__Hspace_2                           (abs)        0000
__Hspace_3                           (abs)        0000
__Hstack                             stack        0000
__Hstrings                           strings      0000
__Hstringtext                        stringtext   0000
__Htext                              text         0000
__Labs1                              abs1         0000
__Lbank0                             bank0        0000
__Lbank1                             bank1        0000
__Lbank10                            bank10       0000
__Lbank11                            bank11       0000
__Lbank12                            bank12       0000
__Lbank13                            bank13       0000
__Lbank14                            bank14       0000
__Lbank15                            bank15       0000
__Lbank16                            bank16       0000
__Lbank17                            bank17       0000
__Lbank18                            bank18       0000
__Lbank19                            bank19       0000
__Lbank2                             bank2        0000
__Lbank20                            bank20       0000
__Lbank21                            bank21       0000
__Lbank22                            bank22       0000
__Lbank23                            bank23       0000
__Lbank24                            bank24       0000
__Lbank25                            bank25       0000
__Lbank26                            bank26       0000
__Lbank27                            bank27       0000
__Lbank28                            bank28       0000
__Lbank29                            bank29       0000
__Lbank3                             bank3        0000
__Lbank30                            bank30       0000
__Lbank31                            bank31       0000
__Lbank4                             bank4        0000
__Lbank5                             bank5        0000
__Lbank6                             bank6        0000
__Lbank7                             bank7        0000
__Lbank8                             bank8        0000
__Lbank9                             bank9        0000
__Lbigram                            bigram       0000
__LbssBANK0                          bssBANK0     0000
__LbssBANK1                          bssBANK1     0000
__LbssBANK3                          bssBANK3     0000
__LbssBANK4                          bssBANK4     0000
__LbssBANK5                          bssBANK5     0000
__LbssBANK6                          bssBANK6     0000
__Lcinit                             cinit        0C0D
__Lclrtext                           clrtext      0000
__Lcode                              code         0000
__Lcommon                            common       0000
__Lconfig                            config       0000
__LcstackBANK0                       cstackBANK0  0000
__LcstackBANK1                       cstackBANK1  0000
__LcstackBANK2                       cstackBANK2  0000
__LcstackCOMMON                      cstackCOMMON 0000
__LdataBANK1                         dataBANK1    0000
__LdataBANK2                         dataBANK2    0000
__Leeprom_data                       eeprom_data  0000
__Lend_init                          end_init     0441
__Lfunctab                           functab      0000
__LidataBANK1                        idataBANK1   0000
__LidataBANK2                        idataBANK2   0000
__Lidloc                             idloc        0000
__Linit                              init         0441
__Linittext                          inittext     0000
__Lintentry                          intentry     0404
__Lmaintext                          maintext     0000
__Lpa_nodes0                         pa_nodes0    0000
__Lpowerup                           powerup      0000
__Lram                               ram          0000
__Lreset_vec                         reset_vec    0400
__Lsfr0                              sfr0         0000
__Lsfr1                              sfr1         0000
__Lsfr10                             sfr10        0000
__Lsfr11                             sfr11        0000
__Lsfr12                             sfr12        0000
__Lsfr13                             sfr13        0000
__Lsfr14                             sfr14        0000
__Lsfr15                             sfr15        0000
__Lsfr16                             sfr16        0000
__Lsfr17                             sfr17        0000
__Lsfr18                             sfr18        0000
__Lsfr19                             sfr19        0000
__Lsfr2                              sfr2         0000
__Lsfr20                             sfr20        0000
__Lsfr21                             sfr21        0000
__Lsfr22                             sfr22        0000
__Lsfr23                             sfr23        0000
__Lsfr24                             sfr24        0000
__Lsfr25                             sfr25        0000
__Lsfr26                             sfr26        0000
__Lsfr27                             sfr27        0000
__Lsfr28                             sfr28        0000
__Lsfr29                             sfr29        0000
__Lsfr3                              sfr3         0000
__Lsfr30                             sfr30        0000
__Lsfr31                             sfr31        0000
__Lsfr4                              sfr4         0000
__Lsfr5                              sfr5         0000
__Lsfr6                              sfr6         0000
__Lsfr7                              sfr7         0000
__Lsfr8                              sfr8         0000
__Lsfr9                              sfr9         0000
__Lspace_0                           (abs)        0000
__Lspace_1                           (abs)        0000
__Lspace_2                           (abs)        0000
__Lspace_3                           (abs)        0000
__Lstack                             stack        0000
__Lstrings                           strings      0000
__Lstringtext                        stringtext   0000
__Ltext                              text         0000
__S0                                 (abs)        1FE0
__S1                                 (abs)        0350
__S2                                 (abs)        0000
__S3                                 (abs)        0000
___ftmul                             text8        0AEC
___ftmul@cntr                        cstackBANK1  00B8
___ftmul@exp                         cstackBANK1  00B4
___ftmul@f1                          cstackBANK1  00AB
___ftmul@f2                          cstackBANK1  00AE
___ftmul@f3_as_product               cstackBANK1  00B5
___ftmul@sign                        cstackBANK1  00B9
___ftpack                            text8        0B58
___ftpack@arg                        cstackBANK1  00A0
___ftpack@exp                        cstackBANK1  00A3
___ftpack@sign                       cstackBANK1  00A4
___fttol                             text60       04ED
___fttol@exp1                        cstackBANK0  0038
___fttol@f1                          cstackBANK0  002C
___fttol@lval                        cstackBANK0  0034
___fttol@sign1                       cstackBANK0  0033
___int_sp                            stack        0000
___latbits                           (abs)        0002
___lldiv                             text19       1677
___lldiv@counter                     cstackBANK1  00B8
___lldiv@dividend                    cstackBANK1  00B0
___lldiv@divisor                     cstackBANK1  00AC
___lldiv@quotient                    cstackBANK1  00B4
___lmul                              text19       1652
___lmul@multiplicand                 cstackBANK1  00A4
___lmul@multiplier                   cstackBANK1  00A0
___lmul@product                      cstackBANK1  00A8
___lwdiv                             cinit        0FCA
___lwdiv@counter                     cstackBANK1  00A4
___lwdiv@dividend                    cstackBANK1  00A2
___lwdiv@divisor                     cstackBANK1  00A0
___lwdiv@quotient                    cstackBANK1  00A5
___lwmod                             text56       1D6A
___lwmod@counter                     cstackCOMMON 0074
___lwmod@dividend                    cstackCOMMON 0072
___lwmod@divisor                     cstackCOMMON 0070
___lwtoft                            text8        0B48
___lwtoft@c                          cstackBANK1  00A8
___sp                                stack        0000
___wmul                              text19       163D
___wmul@multiplicand                 cstackBANK1  00A2
___wmul@multiplier                   cstackBANK1  00A0
___wmul@product                      cstackBANK1  00A4
__end_ofPL10                         text19       16EA
__end_ofPL100                        text19       1733
__end_ofPL102                        text19       173C
__end_ofPL104                        text19       17F8
__end_ofPL106                        text60       079D
__end_ofPL108                        text19       1800
__end_ofPL110                        text55       144F
__end_ofPL112                        text19       1744
__end_ofPL114                        text60       07A4
__end_ofPL116                        text69       1245
__end_ofPL118                        text60       07AC
__end_ofPL12                         text60       06F8
__end_ofPL120                        text69       124B
__end_ofPL122                        cinit        0FB1
__end_ofPL124                        text48       1FDA
__end_ofPL126                        cinit        0FB7
__end_ofPL128                        text8        093D
__end_ofPL130                        text69       1252
__end_ofPL132                        text60       07B3
__end_ofPL134                        cinit        0FBE
__end_ofPL136                        text8        0BF7
__end_ofPL138                        text60       07BA
__end_ofPL14                         text69       122C
__end_ofPL140                        text55       1456
__end_ofPL142                        text19       174B
__end_ofPL144                        text60       07C1
__end_ofPL146                        text55       12EF
__end_ofPL148                        text60       07C7
__end_ofPL150                        text69       1258
__end_ofPL152                        text8        0BFD
__end_ofPL154                        cinit        0FC4
__end_ofPL156                        text25       1E42
__end_ofPL158                        text60       07CD
__end_ofPL16                         text60       0714
__end_ofPL160                        text55       145B
__end_ofPL162                        text60       07D3
__end_ofPL164                        text48       1FE0
__end_ofPL166                        text60       07D7
__end_ofPL168                        text55       1460
__end_ofPL170                        text55       1465
__end_ofPL172                        text55       146A
__end_ofPL174                        text8        0C03
__end_ofPL176                        text8        0C09
__end_ofPL178                        cinit        0FCA
__end_ofPL18                         text19       16F0
__end_ofPL180                        text8        0C0D
__end_ofPL182                        text56       1D8F
__end_ofPL184                        text55       146E
__end_ofPL186                        text60       07DC
__end_ofPL2                          text69       120C
__end_ofPL20                         text69       1231
__end_ofPL22                         text8        0BBA
__end_ofPL24                         text69       1236
__end_ofPL26                         text19       16FE
__end_ofPL28                         text60       071B
__end_ofPL30                         text60       0728
__end_ofPL32                         text19       1705
__end_ofPL34                         text55       12DD
__end_ofPL36                         text8        0BC3
__end_ofPL38                         cinit        0F95
__end_ofPL4                          text69       1213
__end_ofPL40                         text60       072F
__end_ofPL42                         cinit        0FA0
__end_ofPL44                         text60       0740
__end_ofPL46                         text19       1715
__end_ofPL48                         text55       12E9
__end_ofPL50                         text8        0BC8
__end_ofPL52                         text60       0748
__end_ofPL54                         text19       171E
__end_ofPL56                         text60       0751
__end_ofPL58                         text8        0BD5
__end_ofPL6                          text19       16C4
__end_ofPL60                         text60       0756
__end_ofPL62                         text69       127E
__end_ofPL64                         text8        0BDB
__end_ofPL66                         text8        0937
__end_ofPL68                         text19       172A
__end_ofPL70                         text69       1284
__end_ofPL72                         text8        0BE2
__end_ofPL74                         cinit        0FAB
__end_ofPL76                         text60       0761
__end_ofPL78                         text60       076C
__end_ofPL8                          text69       121A
__end_ofPL80                         text60       0776
__end_ofPL82                         text60       0780
__end_ofPL84                         text60       078A
__end_ofPL86                         text60       0794
__end_ofPL88                         text55       1446
__end_ofPL90                         text8        0BE9
__end_ofPL92                         text8        0BF0
__end_ofPL94                         text69       123D
__end_ofPL96                         text19       17E8
__end_ofPL98                         text19       17F0
__end_of_BLE_SendCMD                 text48       1F8E
__end_of_DATAEE_ReadByte             text8        092B
__end_of_DATAEE_WriteByte            text1        1D08
__end_of_DecodeDATA                  cinit        0F47
__end_of_EUSART_Initialize           text25       1E31
__end_of_EUSART_RCV_ISR              text75       1CAB
__end_of_INTERRUPT_interruptManager  intentry     0441
__end_of_OSCILLATOR_Initialize       text25       1DAA
__end_of_PIN_MANAGER_Initialize      text25       1DEE
__end_of_PWM1_Initialize             text25       1DF8
__end_of_PWM1_LoadDutyValue          text19       17B0
__end_of_PWM2_Initialize             text25       1E01
__end_of_PWM2_LoadDutyValue          text19       17C0
__end_of_PWM3_Initialize             text25       1E0C
__end_of_PWM3_LoadDutyValue          text19       17D0
__end_of_PWM4_Initialize             text25       1E17
__end_of_PWM4_LoadDutyValue          text19       17E0
__end_of_SYSTEM_Initialize           text25       1DA0
__end_of_TMR0_Initialize             text25       1E3C
__end_of_TMR0_StartTimer             cinit        0F7B
__end_of_TMR2_Initialize             text25       1E21
__end_of_TMR2_StartTimer             cinit        0F7D
__end_of___ftmul                     text8        0B48
__end_of___ftpack                    text8        0B96
__end_of___fttol                     text60       0542
__end_of___lldiv                     text19       16B6
__end_of___lmul                      text19       1677
__end_of___lwdiv                     cinit        0FEF
__end_of___lwmod                     text56       1D8A
__end_of___lwtoft                    text8        0B58
__end_of___wmul                      text19       1652
__end_of__initialization             cinit        0C4F
__end_of_autoRun                     text19       163D
__end_of_bleSendData                 text48       1EE1
__end_of_bleSendDeviceData           text48       1EBF
__end_of_bleSendDeviceTime           text48       1E71
__end_of_checkDevID                  text48       1FD4
__end_of_checkIsYearLeap             text56       1D6A
__end_of_eusartSendByte              text48       1F97
__end_of_findDeviceFlash             cinit        0F8F
__end_of_getCRC                      cinit        0F5B
__end_of_initBLE                     text48       1F3D
__end_of_initDynamic                 text8        0AEC
__end_of_initLed                     text8        08E7
__end_of_initRTC                     cinit        0FF9
__end_of_ledAllCOlor                 text60       06E1
__end_of_ledDynamic                  text60       04ED
__end_of_ledSunrs                    text55       1351
__end_of_ledThunder_1                text60       059B
__end_of_ledThunder_2                text60       0672
__end_of_ledThunder_3                text69       11F8
__end_of_main                        cinit        0CA3
__end_of_preview                     cinit        1000
__end_of_readBuffer                  text8        0914
__end_of_readByte                    text8        091D
__end_of_readLedPara                 text8        0900
__end_of_runRTC                      text56       1D4E
__end_of_saveLedPara                 text1        1CC5
__end_of_turnMaxLed                  text19       1779
__end_of_turnOffLed                  text19       175E
__end_of_turnOffLedRamp              cinit        0F67
__end_of_turnOnLedRamp               cinit        0F79
__end_of_updateDynamic               text8        0BB3
__end_of_updateLed                   text55       12CB
__end_of_updatePWM                   text19       17A0
__end_of_writeBuffer                 text1        1CDF
__end_of_writeByte                   text1        1CE7
__end_of_writeLedPara                text1        1CCC
__end_ofi1_PWM1_LoadDutyValue        text55       1415
__end_ofi1_PWM2_LoadDutyValue        text55       1422
__end_ofi1_PWM3_LoadDutyValue        text55       142F
__end_ofi1_PWM4_LoadDutyValue        text55       143C
__end_ofi1___ftmul                   text55       13AE
__end_ofi1___ftpack                  text55       13EC
__end_ofi1___lwtoft                  text60       06F2
__end_ofi1_updateDynamic             text69       1272
__end_ofi1_updatePWM                 text55       1408
__initialization                     cinit        0C0D
__pbssBANK0                          bssBANK0     0040
__pbssBANK1                          bssBANK1     00E8
__pbssBANK3                          bssBANK3     01A0
__pbssBANK4                          bssBANK4     0220
__pbssBANK5                          bssBANK5     02A0
__pbssBANK6                          bssBANK6     0320
__pcstackBANK0                       cstackBANK0  0020
__pcstackBANK1                       cstackBANK1  00A0
__pcstackBANK2                       cstackBANK2  0120
__pcstackCOMMON                      cstackCOMMON 0070
__pdataBANK1                         dataBANK1    00E1
__pdataBANK2                         dataBANK2    0152
__pidataBANK1                        idataBANK1   1C8D
__pidataBANK2                        idataBANK2   0820
__pintentry                          intentry     0404
__pmaintext                          cinit        0C52
__pstringtext                        stringtext   1800
__pswtext1                           swtext1      0800
__pswtext2                           swtext2      1096
__pswtext3                           swtext3      184F
__pswtext4                           swtext4      07DC
__pswtext5                           swtext5      1000
__pswtext6                           swtext6      1865
__pswtext7                           swtext7      187B
__ptext1                             text1        1CAB
__ptext10                            text8        0900
__ptext11                            text8        0914
__ptext12                            text8        091D
__ptext13                            text48       1EE1
__ptext14                            text48       1F97
__ptext15                            text48       1F3D
__ptext16                            cinit        0F7D
__ptext17                            text19       174B
__ptext18                            text19       175E
__ptext19                            text19       146E
__ptext2                             text1        1CC5
__ptext20                            text19       163D
__ptext21                            text19       1652
__ptext22                            text19       1677
__ptext23                            cinit        0F7B
__ptext24                            cinit        0F79
__ptext25                            text25       1D8F
__ptext26                            text25       1E17
__ptext27                            text25       1E31
__ptext28                            text25       1E0C
__ptext29                            text25       1E01
__ptext3                             text1        1CCC
__ptext30                            text25       1DF8
__ptext31                            text25       1DEE
__ptext32                            text25       1DAA
__ptext33                            text25       1DA0
__ptext34                            text25       1E21
__ptext35                            cinit        0CA3
__ptext36                            text19       1779
__ptext37                            text19       17D0
__ptext38                            text19       17C0
__ptext39                            text19       17B0
__ptext4                             text1        1CDF
__ptext40                            text19       17A0
__ptext41                            cinit        0F67
__ptext42                            cinit        0F5B
__ptext43                            text8        093D
__ptext44                            text8        0B96
__ptext45                            text8        0B48
__ptext46                            text8        0AEC
__ptext47                            text8        0B58
__ptext48                            text48       1E42
__ptext49                            text48       1E71
__ptext5                             text1        1CE7
__ptext50                            cinit        0F47
__ptext51                            text48       1EBF
__ptext52                            text48       1F8E
__ptext53                            cinit        0FCA
__ptext55                            text55       1284
__ptext56                            text56       1D08
__ptext57                            text56       1D4E
__ptext58                            text56       1D6A
__ptext59                            text55       12EF
__ptext6                             cinit        0FF9
__ptext60                            text60       0443
__ptext61                            text55       13EC
__ptext62                            text55       142F
__ptext63                            text55       1422
__ptext64                            text55       1415
__ptext65                            text55       1408
__ptext66                            text60       06E1
__ptext67                            text55       1351
__ptext68                            text55       13AE
__ptext69                            text69       10AF
__ptext7                             cinit        0FEF
__ptext70                            text60       059B
__ptext71                            text60       0542
__ptext72                            text60       0672
__ptext73                            text69       1258
__ptext74                            text60       04ED
__ptext75                            text75       1C94
__ptext8                             text8        083D
__ptext9                             text8        08E7
__size_of_BLE_SendCMD                (abs)        0000
__size_of_DATAEE_ReadByte            (abs)        0000
__size_of_DATAEE_WriteByte           (abs)        0000
__size_of_DecodeDATA                 (abs)        0000
__size_of_EUSART_Initialize          (abs)        0000
__size_of_EUSART_RCV_ISR             (abs)        0000
__size_of_INTERRUPT_interruptManager (abs)        0000
__size_of_OSCILLATOR_Initialize      (abs)        0000
__size_of_PIN_MANAGER_Initialize     (abs)        0000
__size_of_PWM1_Initialize            (abs)        0000
__size_of_PWM1_LoadDutyValue         (abs)        0000
__size_of_PWM2_Initialize            (abs)        0000
__size_of_PWM2_LoadDutyValue         (abs)        0000
__size_of_PWM3_Initialize            (abs)        0000
__size_of_PWM3_LoadDutyValue         (abs)        0000
__size_of_PWM4_Initialize            (abs)        0000
__size_of_PWM4_LoadDutyValue         (abs)        0000
__size_of_SYSTEM_Initialize          (abs)        0000
__size_of_TMR0_Initialize            (abs)        0000
__size_of_TMR0_StartTimer            (abs)        0000
__size_of_TMR2_Initialize            (abs)        0000
__size_of_TMR2_StartTimer            (abs)        0000
__size_of___ftmul                    (abs)        0000
__size_of___ftpack                   (abs)        0000
__size_of___fttol                    (abs)        0000
__size_of___lldiv                    (abs)        0000
__size_of___lmul                     (abs)        0000
__size_of___lwdiv                    (abs)        0000
__size_of___lwmod                    (abs)        0000
__size_of___lwtoft                   (abs)        0000
__size_of___wmul                     (abs)        0000
__size_of_autoRun                    (abs)        0000
__size_of_bleSendData                (abs)        0000
__size_of_bleSendDeviceData          (abs)        0000
__size_of_bleSendDeviceTime          (abs)        0000
__size_of_checkDevID                 (abs)        0000
__size_of_checkIsYearLeap            (abs)        0000
__size_of_eusartSendByte             (abs)        0000
__size_of_findDeviceFlash            (abs)        0000
__size_of_getCRC                     (abs)        0000
__size_of_initBLE                    (abs)        0000
__size_of_initDynamic                (abs)        0000
__size_of_initLed                    (abs)        0000
__size_of_initRTC                    (abs)        0000
__size_of_ledAllCOlor                (abs)        0000
__size_of_ledDynamic                 (abs)        0000
__size_of_ledSunrs                   (abs)        0000
__size_of_ledThunder_1               (abs)        0000
__size_of_ledThunder_2               (abs)        0000
__size_of_ledThunder_3               (abs)        0000
__size_of_main                       (abs)        0000
__size_of_preview                    (abs)        0000
__size_of_readBuffer                 (abs)        0000
__size_of_readByte                   (abs)        0000
__size_of_readLedPara                (abs)        0000
__size_of_runRTC                     (abs)        0000
__size_of_saveLedPara                (abs)        0000
__size_of_turnMaxLed                 (abs)        0000
__size_of_turnOffLed                 (abs)        0000
__size_of_turnOffLedRamp             (abs)        0000
__size_of_turnOnLedRamp              (abs)        0000
__size_of_updateDynamic              (abs)        0000
__size_of_updateLed                  (abs)        0000
__size_of_updatePWM                  (abs)        0000
__size_of_writeBuffer                (abs)        0000
__size_of_writeByte                  (abs)        0000
__size_of_writeLedPara               (abs)        0000
__size_ofi1_PWM1_LoadDutyValue       (abs)        0000
__size_ofi1_PWM2_LoadDutyValue       (abs)        0000
__size_ofi1_PWM3_LoadDutyValue       (abs)        0000
__size_ofi1_PWM4_LoadDutyValue       (abs)        0000
__size_ofi1___ftmul                  (abs)        0000
__size_ofi1___ftpack                 (abs)        0000
__size_ofi1___lwtoft                 (abs)        0000
__size_ofi1_updateDynamic            (abs)        0000
__size_ofi1_updatePWM                (abs)        0000
_autoRun                             text19       146E
_bleSendData                         text48       1EBF
_bleSendDeviceData                   text48       1E71
_bleSendDeviceTime                   text48       1E42
_checkDevID                          text48       1F97
_checkIsYearLeap                     text56       1D4E
_eusartSendByte                      text48       1F8E
_findDeviceFlash                     cinit        0F7D
_gCurrentTime                        bssBANK0     0040
_gDynPara                            bssBANK3     01A0
_gLedPara                            bssBANK4     0220
_gLedRunPara                         bssBANK0     0049
_getCRC                              cinit        0F47
_initBLE                             text48       1EE1
_initDynamic                         text8        093D
_initLed                             text8        083D
_initRTC                             cinit        0FEF
_ledAllCOlor                         text60       0672
_ledDynamic                          text60       0443
_ledSunrs                            text55       12EF
_ledThunder_1                        text60       0542
_ledThunder_2                        text60       059B
_ledThunder_3                        text69       10AF
_main                                cinit        0C52
_nRcvIdx                             bssBANK1     00E8
_preview                             cinit        0FF9
_readBuffer                          text8        0900
_readByte                            text8        0914
_readLedPara                         text8        08E7
_runRTC                              text56       1D08
_rxBuf                               bssBANK5     02A0
_saveLedPara                         text1        1CAB
_turnMaxLed                          text19       175E
_turnOffLed                          text19       174B
_turnOffLedRamp                      cinit        0F5B
_turnOnLedRamp                       cinit        0F67
_txBuf                               bssBANK6     0320
_updateDynamic                       text8        0B96
_updateLed                           text55       1284
_updatePWM                           text19       1779
_writeBuffer                         text1        1CCC
_writeByte                           text1        1CDF
_writeLedPara                        text1        1CC5
autoRun@auto_dyn_end                 cstackBANK2  013E
autoRun@auto_dyn_start               cstackBANK2  013C
autoRun@ct                           cstackBANK2  0149
autoRun@dbrt                         cstackBANK2  0138
autoRun@dt                           cstackBANK2  0140
autoRun@duration                     cstackBANK2  0139
autoRun@et                           cstackBANK2  0145
autoRun@i                            cstackBANK2  014C
autoRun@j                            cstackBANK2  0144
autoRun@k                            cstackBANK2  014B
autoRun@sec                          cstackBANK2  013B
autoRun@st                           cstackBANK2  0147
autoRun@tr                           cstackBANK2  0130
autoRun@val                          cstackBANK2  0120
bleSendData@frame                    cstackBANK1  00A1
bleSendData@len                      cstackBANK1  00A3
bleSendDeviceData@i                  cstackBANK1  00A9
bleSendDeviceData@len                cstackBANK1  00A8
bleSendDeviceTime@i                  cstackBANK1  00A8
bleSendDeviceTime@len                cstackBANK1  00A7
btemp                                (abs)        007E
checkDevID@F7939                     dataBANK2    0152
checkDevID@cnt                       cstackBANK1  00C2
checkDevID@dev                       cstackBANK1  00B0
checkDevID@index                     cstackBANK1  00C4
checkDevID@rev                       cstackBANK1  00C1
checkIsYearLeap@year                 cstackCOMMON 0075
clear_ram0                           clrtext      1C81
end_of_initialization                cinit        0C4F
eusartSendByte@byte                  cstackBANK1  00A0
findDeviceFlash@tog                  bssBANK0     0047
getCRC@i                             cstackBANK1  00A6
getCRC@len                           cstackBANK1  00A2
getCRC@pbuf                          cstackBANK1  00A0
getCRC@result                        cstackBANK1  00A5
i1PWM1_LoadDutyValue@dutyValue       cstackCOMMON 0070
i1PWM2_LoadDutyValue@dutyValue       cstackCOMMON 0070
i1PWM3_LoadDutyValue@dutyValue       cstackCOMMON 0070
i1PWM4_LoadDutyValue@dutyValue       cstackCOMMON 0070
i1_PWM1_LoadDutyValue                text55       1408
i1_PWM2_LoadDutyValue                text55       1415
i1_PWM3_LoadDutyValue                text55       1422
i1_PWM4_LoadDutyValue                text55       142F
i1___ftmul                           text55       1351
i1___ftmul@cntr                      cstackBANK0  002A
i1___ftmul@exp                       cstackBANK0  0026
i1___ftmul@f1                        cstackBANK0  0020
i1___ftmul@f2                        cstackBANK0  0023
i1___ftmul@f3_as_product             cstackBANK0  0027
i1___ftmul@sign                      cstackBANK0  002B
i1___ftpack                          text55       13AE
i1___ftpack@arg                      cstackCOMMON 0070
i1___ftpack@exp                      cstackCOMMON 0073
i1___ftpack@sign                     cstackCOMMON 0074
i1___lwtoft                          text60       06E1
i1___lwtoft@c                        cstackCOMMON 0078
i1_updateDynamic                     text69       1258
i1_updatePWM                         text55       13EC
i1updateDynamic@i                    cstackCOMMON 0072
initDynamic@i                        cstackBANK1  00BD
initDynamic@i_943                    cstackBANK1  00BC
initLed@i                            cstackBANK1  00DF
initLed@j                            cstackBANK1  00DE
init_ram                             inittext     1C87
int$flags                            (abs)        007E
intlevel0                            functab      0000
intlevel1                            functab      0000
intlevel2                            functab      0000
intlevel3                            functab      0000
intlevel4                            functab      0000
intlevel5                            functab      0000
ledDynamic@i                         cstackBANK0  003F
ledDynamic@temp                      cstackBANK0  003D
ledSunrs@i                           cstackBANK0  003F
ledSunrs@temp                        cstackBANK0  003D
readBuffer@addr                      cstackBANK1  00A7
readBuffer@buf                       cstackBANK1  00A4
readBuffer@i                         cstackBANK1  00A8
readBuffer@len                       cstackBANK1  00A5
readByte@addr                        cstackBANK1  00A2
readByte@result                      cstackBANK1  00A3
readLedPara@addr                     cstackBANK2  0120
readLedPara@para                     cstackBANK2  0121
reset_vec                            reset_vec    0400
stackhi                              (abs)        23EF
stacklo                              (abs)        2210
start                                init         0441
start_initialization                 cinit        0C0D
turnOffLedRamp@i                     cstackBANK1  00A0
turnOnLedRamp@i                      cstackBANK1  00A0
updateDynamic@i                      cstackBANK1  00A2
updateLed@i                          cstackCOMMON 0079
updateLed@step                       cstackCOMMON 0078
writeBuffer@addr                     cstackBANK1  00A9
writeBuffer@buf                      cstackBANK1  00A6
writeBuffer@i                        cstackBANK1  00AA
writeBuffer@len                      cstackBANK1  00A7
writeByte@addr                       cstackBANK1  00A5
writeByte@byte                       cstackBANK1  00A4
writeLedPara@addr                    cstackBANK1  00DC
writeLedPara@para                    cstackBANK1  00AB
wtemp0                               (abs)        007E


FUNCTION INFORMATION:

 *************** function _main *****************
 Defined at:
		line 19 in file "src/main.c"
 Parameters:    Size  Location     Type
		None
 Auto vars:     Size  Location     Type
		None
 Return value:  Size  Location     Type
                  1    wreg      void 
 Registers used:
		wreg, fsr0l, fsr0h, fsr1l, fsr1h, status,2, status,0, pclath, cstack
 Tracked objects:
		On entry : 
		On exit  : 
		Unchanged: 
 Data sizes:     COMMON   BANK0   BANK1   BANK2   BANK3   BANK4   BANK5   BANK6   BANK7   BANK8   BANK9  BANK10  BANK11  BANK12
      Params:         0       0       0       0       0       0       0       0       0       0       0       0       0       0
      Locals:         0       0       0       0       0       0       0       0       0       0       0       0       0       0
      Temps:          0       0       1       0       0       0       0       0       0       0       0       0       0       0
      Totals:         0       0       1       0       0       0       0       0       0       0       0       0       0       0
Total ram usage:        1 bytes
 Hardware stack levels required when called:    9
 This function calls:
		_DecodeDATA
		_SYSTEM_Initialize
		_TMR0_StartTimer
		_TMR2_StartTimer
		_autoRun
		_findDeviceFlash
		_initBLE
		_initLed
		_initRTC
		_preview
		_saveLedPara
 This function is called by:
		Startup code after reset
 This function uses a non-reentrant model


 *************** function _saveLedPara *****************
 Defined at:
		line 108 in file "src/eeprom.c"
 Parameters:    Size  Location     Type
		None
 Auto vars:     Size  Location     Type
		None
 Return value:  Size  Location     Type
                  1    wreg      void 
 Registers used:
		wreg, fsr0l, fsr0h, fsr1l, fsr1h, status,2, status,0, pclath, cstack
 Tracked objects:
		On entry : 
		On exit  : 
		Unchanged: 
 Data sizes:     COMMON   BANK0   BANK1   BANK2   BANK3   BANK4   BANK5   BANK6   BANK7   BANK8   BANK9  BANK10  BANK11  BANK12
      Params:         0       0       0       0       0       0       0       0       0       0       0       0       0       0
      Locals:         0       0       0       0       0       0       0       0       0       0       0       0       0       0
      Temps:          0       0       1       0       0       0       0       0       0       0       0       0       0       0
      Totals:         0       0       1       0       0       0       0       0       0       0       0       0       0       0
Total ram usage:        1 bytes
 Hardware stack levels used:    1
 Hardware stack levels required when called:    8
 This function calls:
		_writeLedPara
 This function is called by:
		_main
 This function uses a non-reentrant model


 *************** function _writeLedPara *****************
 Defined at:
		line 91 in file "src/eeprom.c"
 Parameters:    Size  Location     Type
  addr            1    wreg     unsigned char 
  para           49   11[BANK1 ] struct .
 Auto vars:     Size  Location     Type
  addr            1   60[BANK1 ] unsigned char 
 Return value:  Size  Location     Type
                  1    wreg      void 
 Registers used:
		wreg, fsr1l, fsr1h, status,2, status,0, pclath, cstack
 Tracked objects:
		On entry : 
		On exit  : 
		Unchanged: 
 Data sizes:     COMMON   BANK0   BANK1   BANK2   BANK3   BANK4   BANK5   BANK6   BANK7   BANK8   BANK9  BANK10  BANK11  BANK12
      Params:         0       0      49       0       0       0       0       0       0       0       0       0       0       0
      Locals:         0       0       1       0       0       0       0       0       0       0       0       0       0       0
      Temps:          0       0       0       0       0       0       0       0       0       0       0       0       0       0
      Totals:         0       0      50       0       0       0       0       0       0       0       0       0       0       0
Total ram usage:       50 bytes
 Hardware stack levels used:    1
 Hardware stack levels required when called:    7
 This function calls:
		_writeBuffer
 This function is called by:
		_saveLedPara
 This function uses a non-reentrant model


 *************** function _writeBuffer *****************
 Defined at:
		line 64 in file "src/eeprom.c"
 Parameters:    Size  Location     Type
  addr            1    wreg     unsigned char 
  buf             1    6[BANK1 ] PTR unsigned char 
		 -> writeLedPara@para(49), 
  len             1    7[BANK1 ] unsigned char 
 Auto vars:     Size  Location     Type
  addr            1    9[BANK1 ] unsigned char 
  i               1   10[BANK1 ] unsigned char 
 Return value:  Size  Location     Type
                  1    wreg      void 
 Registers used:
		wreg, fsr1l, fsr1h, status,2, status,0, pclath, cstack
 Tracked objects:
		On entry : 
		On exit  : 
		Unchanged: 
 Data sizes:     COMMON   BANK0   BANK1   BANK2   BANK3   BANK4   BANK5   BANK6   BANK7   BANK8   BANK9  BANK10  BANK11  BANK12
      Params:         0       0       2       0       0       0       0       0       0       0       0       0       0       0
      Locals:         0       0       2       0       0       0       0       0       0       0       0       0       0       0
      Temps:          0       0       1       0       0       0       0       0       0       0       0       0       0       0
      Totals:         0       0       5       0       0       0       0       0       0       0       0       0       0       0
Total ram usage:        5 bytes
 Hardware stack levels used:    1
 Hardware stack levels required when called:    6
 This function calls:
		_writeByte
 This function is called by:
		_writeLedPara
 This function uses a non-reentrant model


 *************** function _writeByte *****************
 Defined at:
[...]
		On exit  : 
		Unchanged: 
 Data sizes:     COMMON   BANK0   BANK1   BANK2   BANK3   BANK4   BANK5   BANK6   BANK7   BANK8   BANK9  BANK10  BANK11  BANK12
      Params:         5       0       0       0       0       0       0       0       0       0       0       0       0       0
      Locals:         0       0       0       0       0       0       0       0       0       0       0       0       0       0
      Temps:          3       0       0       0       0       0       0       0       0       0       0       0       0       0
      Totals:         8       0       0       0       0       0       0       0       0       0       0       0       0       0
Total ram usage:        8 bytes
 Hardware stack levels used:    1
 This function calls:
		Nothing
 This function is called by:
		i1___ftmul
		i1___lwtoft
 This function uses a non-reentrant model


 *************** function _ledThunder_3 *****************
 Defined at:
		line 745 in file "src/led.c"
 Parameters:    Size  Location     Type
		None
 Auto vars:     Size  Location     Type
		None
 Return value:  Size  Location     Type
                  1    wreg      void 
 Registers used:
		wreg, fsr0l, fsr0h, fsr1l, fsr1h, status,2, status,0, pclath, cstack
 Tracked objects:
		On entry : 
		On exit  : 
		Unchanged: 
 Data sizes:     COMMON   BANK0   BANK1   BANK2   BANK3   BANK4   BANK5   BANK6   BANK7   BANK8   BANK9  BANK10  BANK11  BANK12
      Params:         0       0       0       0       0       0       0       0       0       0       0       0       0       0
      Locals:         0       0       0       0       0       0       0       0       0       0       0       0       0       0
      Temps:          0       0       0       0       0       0       0       0       0       0       0       0       0       0
      Totals:         0       0       0       0       0       0       0       0       0       0       0       0       0       0
Total ram usage:        0 bytes
 Hardware stack levels used:    1
 Hardware stack levels required when called:    1
 This function calls:
		i1_updateDynamic
 This function is called by:
		_ledDynamic
 This function uses a non-reentrant model


 *************** function _ledThunder_2 *****************
 Defined at:
		line 551 in file "src/led.c"
 Parameters:    Size  Location     Type
		None
 Auto vars:     Size  Location     Type
		None
 Return value:  Size  Location     Type
                  1    wreg      void 
 Registers used:
		wreg, fsr0l, fsr0h, fsr1l, fsr1h, status,2, status,0, pclath, cstack
 Tracked objects:
		On entry : 
		On exit  : 
		Unchanged: 
 Data sizes:     COMMON   BANK0   BANK1   BANK2   BANK3   BANK4   BANK5   BANK6   BANK7   BANK8   BANK9  BANK10  BANK11  BANK12
      Params:         0       0       0       0       0       0       0       0       0       0       0       0       0       0
      Locals:         0       0       0       0       0       0       0       0       0       0       0       0       0       0
      Temps:          0       0       0       0       0       0       0       0       0       0       0       0       0       0
      Totals:         0       0       0       0       0       0       0       0       0       0       0       0       0       0
Total ram usage:        0 bytes
 Hardware stack levels used:    1
 Hardware stack levels required when called:    1
 This function calls:
		i1_updateDynamic
 This function is called by:
		_ledDynamic
 This function uses a non-reentrant model


 *************** function _ledThunder_1 *****************
 Defined at:
		line 474 in file "src/led.c"
 Parameters:    Size  Location     Type
		None
 Auto vars:     Size  Location     Type
		None
 Return value:  Size  Location     Type
                  1    wreg      void 
 Registers used:
		wreg, fsr0l, fsr0h, status,2, status,0
 Tracked objects:
		On entry : 
		On exit  : 
		Unchanged: 
 Data sizes:     COMMON   BANK0   BANK1   BANK2   BANK3   BANK4   BANK5   BANK6   BANK7   BANK8   BANK9  BANK10  BANK11  BANK12
      Params:         0       0       0       0       0       0       0       0       0       0       0       0       0       0
      Locals:         0       0       0       0       0       0       0       0       0       0       0       0       0       0
      Temps:          0       0       0       0       0       0       0       0       0       0       0       0       0       0
      Totals:         0       0       0       0       0       0       0       0       0       0       0       0       0       0
Total ram usage:        0 bytes
 Hardware stack levels used:    1
 This function calls:
		Nothing
 This function is called by:
		_ledDynamic
 This function uses a non-reentrant model


 *************** function _ledAllCOlor *****************
 Defined at:
		line 948 in file "src/led.c"
 Parameters:    Size  Location     Type
		None
 Auto vars:     Size  Location     Type
		None
 Return value:  Size  Location     Type
                  1    wreg      void 
 Registers used:
		wreg, fsr0l, fsr0h, fsr1l, fsr1h, status,2, status,0, pclath, cstack
 Tracked objects:
		On entry : 
		On exit  : 
		Unchanged: 
 Data sizes:     COMMON   BANK0   BANK1   BANK2   BANK3   BANK4   BANK5   BANK6   BANK7   BANK8   BANK9  BANK10  BANK11  BANK12
      Params:         0       0       0       0       0       0       0       0       0       0       0       0       0       0
      Locals:         0       0       0       0       0       0       0       0       0       0       0       0       0       0
      Temps:          0       0       0       0       0       0       0       0       0       0       0       0       0       0
      Totals:         0       0       0       0       0       0       0       0       0       0       0       0       0       0
Total ram usage:        0 bytes
 Hardware stack levels used:    1
 Hardware stack levels required when called:    1
 This function calls:
		i1_updateDynamic
 This function is called by:
		_ledDynamic
 This function uses a non-reentrant model


 *************** function i1_updateDynamic *****************
 Defined at:
		line 251 in file "src/led.c"
 Parameters:    Size  Location     Type
		None
 Auto vars:     Size  Location     Type
  updateDynami    1    2[COMMON] unsigned char 
 Return value:  Size  Location     Type
                  1    wreg      void 
 Registers used:
		wreg, fsr0l, fsr0h, fsr1l, fsr1h, status,2, status,0
 Tracked objects:
		On entry : 
		On exit  : 
		Unchanged: 
 Data sizes:     COMMON   BANK0   BANK1   BANK2   BANK3   BANK4   BANK5   BANK6   BANK7   BANK8   BANK9  BANK10  BANK11  BANK12
      Params:         0       0       0       0       0       0       0       0       0       0       0       0       0       0
      Locals:         1       0       0       0       0       0       0       0       0       0       0       0       0       0
      Temps:          2       0       0       0       0       0       0       0       0       0       0       0       0       0
      Totals:         3       0       0       0       0       0       0       0       0       0       0       0       0       0
Total ram usage:        3 bytes
 Hardware stack levels used:    1
 This function calls:
		Nothing
 This function is called by:
		_ledThunder_2
		_ledThunder_3
		_ledAllCOlor
 This function uses a non-reentrant model


 *************** function ___fttol *****************
 Defined at:
		line 44 in file "D:\Program Files\Microchip\xc8\v1.41\sources\common\fttol.c"
 Parameters:    Size  Location     Type
  f1              3   12[BANK0 ] float 
 Auto vars:     Size  Location     Type
  lval            4   20[BANK0 ] unsigned long 
  exp1            1   24[BANK0 ] unsigned char 
  sign1           1   19[BANK0 ] unsigned char 
 Return value:  Size  Location     Type
                  4   12[BANK0 ] long 
 Registers used:
		wreg, status,2, status,0
 Tracked objects:
		On entry : 
		On exit  : 
		Unchanged: 
 Data sizes:     COMMON   BANK0   BANK1   BANK2   BANK3   BANK4   BANK5   BANK6   BANK7   BANK8   BANK9  BANK10  BANK11  BANK12
      Params:         0       4       0       0       0       0       0       0       0       0       0       0       0       0
      Locals:         0       6       0       0       0       0       0       0       0       0       0       0       0       0
      Temps:          0       3       0       0       0       0       0       0       0       0       0       0       0       0
      Totals:         0      13       0       0       0       0       0       0       0       0       0       0       0       0
Total ram usage:       13 bytes
 Hardware stack levels used:    1
 This function calls:
		Nothing
 This function is called by:
		_ledSunrs
		_ledDynamic
 This function uses a non-reentrant model


 *************** function _EUSART_RCV_ISR *****************
 Defined at:
		line 35 in file "src/eusart.c"
 Parameters:    Size  Location     Type
		None
 Auto vars:     Size  Location     Type
		None
 Return value:  Size  Location     Type
                  1    wreg      void 
 Registers used:
		wreg, fsr1l, fsr1h, status,2, status,0
 Tracked objects:
		On entry : 
		On exit  : 
		Unchanged: 
 Data sizes:     COMMON   BANK0   BANK1   BANK2   BANK3   BANK4   BANK5   BANK6   BANK7   BANK8   BANK9  BANK10  BANK11  BANK12
      Params:         0       0       0       0       0       0       0       0       0       0       0       0       0       0
      Locals:         0       0       0       0       0       0       0       0       0       0       0       0       0       0
      Temps:          0       0       0       0       0       0       0       0       0       0       0       0       0       0
      Totals:         0       0       0       0       0       0       0       0       0       0       0       0       0       0
Total ram usage:        0 bytes
 Hardware stack levels used:    1
 This function calls:
		Nothing
 This function is called by:
		_INTERRUPT_interruptManager
 This function uses a non-reentrant model



MODULE INFORMATION

Module		Function		Class		Link	Load	Size
D:\Program Files\Microchip\xc8\v1.41\sources\common\lwtoft.c
		___lwtoft      		CODE           	0B48	0000	17

D:\Program Files\Microchip\xc8\v1.41\sources\common\lwtoft.c estimated size: 17

src/led.c
		_turnOnLedRamp 		CODE           	0F67	0000	19
		_turnOffLed    		CODE           	174B	0000	20
		_initDynamic   		CODE           	093D	0000	432
		_updatePWM     		CODE           	1779	0000	40
		_ledAllCOlor   		CODE           	0672	0000	112
		_autoRun       		CODE           	146E	0000	464
		_ledSunrs      		CODE           	12EF	0000	99
		_turnOffLedRamp		CODE           	0F5B	0000	13
		_updateLed     		CODE           	1284	0000	72
		_turnMaxLed    		CODE           	175E	0000	28
		_initLed       		CODE           	083D	0000	171
		_ledThunder_1  		CODE           	0542	0000	90
		_ledThunder_2  		CODE           	059B	0000	216
		_ledThunder_3  		CODE           	10AF	0000	330
		_preview       		CODE           	0FF9	0000	8
		_findDeviceFlash		CODE           	0F7D	0000	19
		_ledDynamic    		CODE           	0443	0000	171
		_updateDynamic 		CODE           	0B96	0000	30

src/led.c estimated size: 2334

D:\Program Files\Microchip\xc8\v1.41\sources\common\fttol.c
		___fttol       		CODE           	04ED	0000	86

D:\Program Files\Microchip\xc8\v1.41\sources\common\fttol.c estimated size: 86

D:\Program Files\Microchip\xc8\v1.41\sources\common\lwdiv.c
		___lwdiv       		CODE           	0FCA	0000	38

D:\Program Files\Microchip\xc8\v1.41\sources\common\lwdiv.c estimated size: 38

D:\Program Files\Microchip\xc8\v1.41\sources\common\lldiv.c
		___lldiv       		CODE           	1677	0000	64

D:\Program Files\Microchip\xc8\v1.41\sources\common\lldiv.c estimated size: 64

src/eusart.c
		_EUSART_RCV_ISR		CODE           	1C94	0000	24
		_EUSART_Initialize		CODE           	1E21	0000	17
		_eusartSendByte		CODE           	1F8E	0000	10

src/eusart.c estimated size: 51

D:\Program Files\Microchip\xc8\v1.41\sources\common\Umul16.c
		___wmul        		CODE           	163D	0000	22

D:\Program Files\Microchip\xc8\v1.41\sources\common\Umul16.c estimated size: 22

src/main.c
		_main          		CODE           	0C52	0000	82

src/main.c estimated size: 82

src/pwm.c
		_PWM1_Initialize		CODE           	1DEE	0000	11
		_PWM2_Initialize		CODE           	1DF8	0000	10
		_PWM3_Initialize		CODE           	1E01	0000	12
		_PWM4_Initialize		CODE           	1E0C	0000	12
		_PWM1_LoadDutyValue		CODE           	17A0	0000	17
		_PWM2_LoadDutyValue		CODE           	17B0	0000	17
		_PWM3_LoadDutyValue		CODE           	17C0	0000	17
		_PWM4_LoadDutyValue		CODE           	17D0	0000	17

src/pwm.c estimated size: 113

D:\Program Files\Microchip\xc8\v1.41\sources\common\Umul32.c
		___lmul        		CODE           	1652	0000	38

D:\Program Files\Microchip\xc8\v1.41\sources\common\Umul32.c estimated size: 38

shared
		PL12           		CODE           	06F2	0000	7
		PL50           		CODE           	0BC3	0000	6
		PL8            		CODE           	1213	0000	8
		PL22           		CODE           	0BB3	0000	8
		PL60           		CODE           	0751	0000	6
		PL178          		CODE           	0FC4	0000	7
		PL100          		CODE           	172A	0000	10
		PL32           		CODE           	16FE	0000	8
		PL70           		CODE           	127E	0000	7
		PL42           		CODE           	0F95	0000	12
		PL80           		CODE           	076C	0000	11
		PL110          		CODE           	1446	0000	10
		PL14           		CODE           	121A	0000	19
		PL52           		CODE           	0740	0000	9
		PL90           		CODE           	0BE2	0000	8
		PL24           		CODE           	1231	0000	6
		PL62           		CODE           	1272	0000	13
		PL120          		CODE           	1245	0000	7
		PL34           		CODE           	12CB	0000	19
		PL72           		CODE           	0BDB	0000	8
		PL44           		CODE           	072F	0000	18
		PL82           		CODE           	0776	0000	11
		PL130          		CODE           	124B	0000	8
		PL16           		CODE           	06F8	0000	29
		PL54           		CODE           	1715	0000	10
		PL92           		CODE           	0BE9	0000	8
		PL26           		CODE           	16F0	0000	15
		PL64           		CODE           	0BD5	0000	7
		PL102          		CODE           	1733	0000	10
		PL140          		CODE           	144F	0000	8
		PL36           		CODE           	0BBA	0000	10
		PL74           		CODE           	0FA0	0000	12
		i1_PWM1_LoadDutyValue		CODE           	1408	0000	14
		PL46           		CODE           	1705	0000	17
		PL84           		CODE           	0780	0000	11
		i1_PWM4_LoadDutyValue		CODE           	142F	0000	14
		PL112          		CODE           	173C	0000	9
		PL150          		CODE           	1252	0000	7
		PL18           		CODE           	16EA	0000	7
		PL56           		CODE           	0748	0000	10
		PL94           		CODE           	1236	0000	8
		i1_updateDynamic		CODE           	1258	0000	27
		i1___lwtoft    		CODE           	06E1	0000	18
		PL28           		CODE           	0714	0000	8
		PL66           		CODE           	092B	0000	13
		PL122          		CODE           	0FAB	0000	7
		PL160          		CODE           	1456	0000	6
		PL38           		CODE           	0F8F	0000	7
		PL76           		CODE           	0756	0000	12
		PL48           		CODE           	12DD	0000	13
		PL86           		CODE           	078A	0000	11
		PL132          		CODE           	07AC	0000	8
		PL170          		CODE           	1460	0000	6
		PL58           		CODE           	0BC8	0000	14
		PL96           		CODE           	17E0	0000	9
		PL68           		CODE           	171E	0000	13
		i1___ftmul     		CODE           	1351	0000	94
		PL104          		CODE           	17F0	0000	9
		PL142          		CODE           	1744	0000	8
		PL180          		CODE           	0C09	0000	5
		PL78           		CODE           	0761	0000	12
		PL88           		CODE           	143C	0000	11
		PL114          		CODE           	079D	0000	8
		PL152          		CODE           	0BF7	0000	7
		PL98           		CODE           	17E8	0000	9
		i1___ftpack    		CODE           	13AE	0000	63
		PL124          		CODE           	1FD4	0000	7
		PL162          		CODE           	07CD	0000	7
		__initialization		CODE           	0C0D	0000	67
		PL134          		CODE           	0FB7	0000	8
		PL172          		CODE           	1465	0000	6
		PL106          		CODE           	0794	0000	10
		PL144          		CODE           	07BA	0000	8
		PL182          		CODE           	1D8A	0000	6
		i1_PWM2_LoadDutyValue		CODE           	1415	0000	14
		PL116          		CODE           	123D	0000	9
		PL154          		CODE           	0FBE	0000	7
		PL126          		CODE           	0FB1	0000	7
		PL164          		CODE           	1FDA	0000	7
		PL136          		CODE           	0BF0	0000	8
		PL174          		CODE           	0BFD	0000	7
		PL108          		CODE           	17F8	0000	9
		PL146          		CODE           	12E9	0000	7
		PL184          		CODE           	146A	0000	5
		i1_updatePWM   		CODE           	13EC	0000	29
		PL118          		CODE           	07A4	0000	9
		PL156          		CODE           	1E3C	0000	7
		PL128          		CODE           	0937	0000	7
		PL166          		CODE           	07D3	0000	5
		PL138          		CODE           	07B3	0000	8
		PL176          		CODE           	0C03	0000	7
		PL2            		CODE           	11F8	0000	21
		PL148          		CODE           	07C1	0000	7
		PL186          		CODE           	07D7	0000	6
		i1_PWM3_LoadDutyValue		CODE           	1422	0000	14
		PL10           		CODE           	16C4	0000	39
		PL4            		CODE           	120C	0000	8
		PL20           		CODE           	122C	0000	6
		PL158          		CODE           	07C7	0000	7
		PL30           		CODE           	071B	0000	14
		PL6            		CODE           	16B6	0000	15
		PL40           		CODE           	0728	0000	8
		PL168          		CODE           	145B	0000	6

shared estimated size: 1252

src/tmr.c
		_TMR2_Initialize		CODE           	1E17	0000	11
		_TMR0_StartTimer		CODE           	0F79	0000	3
		_TMR2_StartTimer		CODE           	0F7B	0000	3
		_TMR0_Initialize		CODE           	1E31	0000	12

src/tmr.c estimated size: 29

src/ble.c
		_initBLE       		CODE           	1EE1	0000	93
		_bleSendDeviceData		CODE           	1E71	0000	79
		_bleSendDeviceTime		CODE           	1E42	0000	48
		_getCRC        		CODE           	0F47	0000	21
		_BLE_SendCMD   		CODE           	1F3D	0000	82
		_DecodeDATA    		CODE           	0CA3	0000	677
		_checkDevID    		CODE           	1F97	0000	62
		_bleSendData   		CODE           	1EBF	0000	35

src/ble.c estimated size: 1097

D:\Program Files\Microchip\xc8\v1.41\sources\common\float.c
		___ftpack      		CODE           	0B58	0000	63

D:\Program Files\Microchip\xc8\v1.41\sources\common\float.c estimated size: 63

src/eeprom.c
		_readByte      		CODE           	0914	0000	10
		_readBuffer    		CODE           	0900	0000	21
		_writeLedPara  		CODE           	1CC5	0000	8
		_DATAEE_WriteByte		CODE           	1CE7	0000	34
		_writeByte     		CODE           	1CDF	0000	9
		_saveLedPara   		CODE           	1CAB	0000	27
		_readLedPara   		CODE           	08E7	0000	26
		_writeBuffer   		CODE           	1CCC	0000	20
		_DATAEE_ReadByte		CODE           	091D	0000	15

src/eeprom.c estimated size: 170

src/pin.c
		_PIN_MANAGER_Initialize		CODE           	1DAA	0000	69

src/pin.c estimated size: 69

D:\Program Files\Microchip\xc8\v1.41\sources\common\lwmod.c
		___lwmod       		CODE           	1D6A	0000	33

D:\Program Files\Microchip\xc8\v1.41\sources\common\lwmod.c estimated size: 33

D:\Program Files\Microchip\xc8\v1.41\sources\common\ftmul.c
		___ftmul       		CODE           	0AEC	0000	93

D:\Program Files\Microchip\xc8\v1.41\sources\common\ftmul.c estimated size: 93

src/rtc.c
		_runRTC        		CODE           	1D08	0000	71
		_initRTC       		CODE           	0FEF	0000	11
		_checkIsYearLeap		CODE           	1D4E	0000	29

src/rtc.c estimated size: 111

src/comman.c
		_INTERRUPT_interruptManager		CODE           	0404	0000	62
		_OSCILLATOR_Initialize		CODE           	1DA0	0000	11
		_SYSTEM_Initialize		CODE           	1D8F	0000	18

src/comman.c estimated size: 91

